Microchip MPLAB XC8 Compiler V2.20

Linker command line:

-W-3 --edf=C:\Program Files\Microchip\xc8\v2.20\pic\dat\en_msgs.txt \
  -pivt0x8=08h -cn -h+dist/default/debug\CAN_FD_Node.X.debug.sym \
  --cmf=dist/default/debug\CAN_FD_Node.X.debug.cmf -z -Q18F57Q84 \
  -oC:\Users\C13199\AppData\Local\Temp\shlo.2 --defsym=__MPLAB_BUILD=1 \
  -Mdist/default/debug/CAN_FD_Node.X.debug.map -E1 -ver=XC8 Compiler \
  --acfsm=1493 -ASTACK=0565h-037FFh -pstack=STACK -ACODE=00h-01FFFFh \
  -ACONST=00h-01FFFFh -ASMALLCONST=03800h-038FFhx456 \
  -AMEDIUMCONST=03800h-0FFFFh,013800h-01FFFFh -ACOMRAM=0501h-055Fh \
  -AABS1=0500h-037FFh -ABIGRAM=0501h-037FFh \
  -ARAM=0560h-05FFh,0600h-06FFhx50 -ABANK5=0560h-05FFh -ABANK6=0600h-06FFh \
  -ABANK7=0700h-07FFh -ABANK8=0800h-08FFh -ABANK9=0900h-09FFh \
  -ABANK10=0A00h-0AFFh -ABANK11=0B00h-0BFFh -ABANK12=0C00h-0CFFh \
  -ABANK13=0D00h-0DFFh -ABANK14=0E00h-0EFFh -ABANK15=0F00h-0FFFh \
  -ABANK16=01000h-010FFh -ABANK17=01100h-011FFh -ABANK18=01200h-012FFh \
  -ABANK19=01300h-013FFh -ABANK20=01400h-014FFh -ABANK21=01500h-015FFh \
  -ABANK22=01600h-016FFh -ABANK23=01700h-017FFh -ABANK24=01800h-018FFh \
  -ABANK25=01900h-019FFh -ABANK26=01A00h-01AFFh -ABANK27=01B00h-01BFFh \
  -ABANK28=01C00h-01CFFh -ABANK29=01D00h-01DFFh -ABANK30=01E00h-01EFFh \
  -ABANK31=01F00h-01FFFh -ABANK32=02000h-020FFh -ABANK33=02100h-021FFh \
  -ABANK34=02200h-022FFh -ABANK35=02300h-023FFh -ABANK36=02400h-024FFh \
  -ABANK37=02500h-025FFh -ABANK38=02600h-026FFh -ABANK39=02700h-027FFh \
  -ABANK40=02800h-028FFh -ABANK41=02900h-029FFh -ABANK42=02A00h-02AFFh \
  -ABANK43=02B00h-02BFFh -ABANK44=02C00h-02CFFh -ABANK45=02D00h-02DFFh \
  -ABANK46=02E00h-02EFFh -ABANK47=02F00h-02FFFh -ABANK48=03000h-030FFh \
  -ABANK49=03100h-031FFh -ABANK50=03200h-032FFh -ABANK51=03300h-033FFh \
  -ABANK52=03400h-034FFh -ABANK53=03500h-035FFh -ABANK54=03600h-036FFh \
  -ABANK55=03700h-037FFh -ASFR=00h-0FFhx4,0400h-045Fh,0460h-04FFh \
  -ACONFIG=0300000h-0300023h -AIDLOC=0200000h-020001Fh -preset_vec=00h \
  -ppowerup=CODE,init -pramtop=03800h -psmallconst=SMALLCONST \
  -pmediumconst=MEDIUMCONST -pconst=CONST -AFARRAM=00h-00h \
  -AEEDATA=0380000h-03803FFh -peeprom_data=EEDATA \
  -prdata=COMRAM,nvrram=COMRAM,nvbit=COMRAM,rbss=COMRAM,rbit=COMRAM \
  -pfarbss=FARRAM,fardata=FARRAM,nvFARRAM=FARRAM \
  -pintsave_regs=BIGRAM,bigbss=BIGRAM,bigdata=BIGRAM -pbss=RAM \
  -pidata=CODE,irdata=CODE,ibigdata=CODE,ifardata=CODE -prparam=COMRAM \
  C:\Users\C13199\AppData\Local\Temp\shlo.o \
  dist/default/debug\CAN_FD_Node.X.debug.o 

Object code version is 3.11

Machine type is 18F57Q84



                Name                               Link     Load   Length Selector   Space Scale
C:\Users\C13199\AppData\Local\Temp\shlo.o
                idloc                            200000   200000       20        0       5
                config                           300000   300000       24        0       4
                init                                 1A       1A        4        4       0
                reset_vec                             0        0        4        0       0
dist/default/debug\CAN_FD_Node.X.debug.o
                idloc                            200000   200000       20        0       5
                config                           300000   300000       24        0       4
                smallconst                         3800     3800       14     1C00       0
                ivt0x8                                8        8       12        4       0
                text35                             47B8     47B8       1E     1C0A       0
                text34                             4808     4808       18     1C0A       0
                text33                             44EC     44EC       5A     1C0A       0
                text32                             3A5A     3A5A      240     1C0A       0
                text31                             3FEC     3FEC       EC     1C0A       0
                text30                             4492     4492       5A     1C0A       0
                text29                             40D8     40D8       CA     1C0A       0
                text28                             47F0     47F0       18     1C0A       0
                text27                             4868     4868        A     1C0A       0
                text26                             3EC6     3EC6      126     1C0A       0
                text25                             3814     3814      246     1C0A       0
                text24                             462A     462A       3E     1C0A       0
                text23                             423A     423A       94     1C0A       0
                text22                             4744     4744       28     1C0A       0
                text21                             3C9A     3C9A      22C     1C0A       0
                text20                             46F0     46F0       2C     1C0A       0
                text19                             43D6     43D6       60     1C0A       0
                text18                             45E8     45E8       42     1C0A       0
                text17                             4360     4360       76     1C0A       0
                text16                             46C4     46C4       2C     1C0A       0
                text15                             485E     485E        A     1C0A       0
                text14                             41A2     41A2       98     1C0A       0
                text13                             4850     4850        E     1C0A       0
                text12                             4696     4696       2E     1C0A       0
                text11                             4792     4792       26     1C0A       0
                text10                             4668     4668       2E     1C0A       0
                text9                              4820     4820       14     1C0A       0
                text8                              4546     4546       54     1C0A       0
                text7                              487A     487A        4     1C0A       0
                text6                              476C     476C       26     1C0A       0
                text5                              42CE     42CE       92     1C0A       0
                text4                              471C     471C       28     1C0A       0
                text3                              4842     4842        E     1C0A       0
                text2                              459A     459A       4E     1C0A       0
                text1                              47D6     47D6       1A     1C0A       0
                text0                              4834     4834        E     1C0A       0
                cstackCOMRAM                        501      501       45      501       1
                cstackBANK5                         560      560        3      560       1
                dataBANK5                           563      563        2      560       1
                dataCOMRAM                          551      551        8      501       1
                bssCOMRAM                           546      546        B      501       1
                cinit                              4436     4436       5C     1C0A       0
                nvCOMRAM                            559      559        3      501       1
                idataBANK5                         487E     487E        2     1C0A       0
                idataCOMRAM                        4872     4872        8     1C0A       0

TOTAL           Name                               Link     Load   Length     Space
        CLASS   STACK          

        CLASS   CODE           
                init                                 1A       1A        4         0
                reset_vec                             0        0        4         0
                ivt0x8                                8        8       12         0
                text35                             47B8     47B8       1E         0
                text34                             4808     4808       18         0
                text33                             44EC     44EC       5A         0
                text32                             3A5A     3A5A      240         0
                text31                             3FEC     3FEC       EC         0
                text30                             4492     4492       5A         0
                text29                             40D8     40D8       CA         0
                text28                             47F0     47F0       18         0
                text27                             4868     4868        A         0
                text26                             3EC6     3EC6      126         0
                text25                             3814     3814      246         0
                text24                             462A     462A       3E         0
                text23                             423A     423A       94         0
                text22                             4744     4744       28         0
                text21                             3C9A     3C9A      22C         0
                text20                             46F0     46F0       2C         0
                text19                             43D6     43D6       60         0
                text18                             45E8     45E8       42         0
                text17                             4360     4360       76         0
                text16                             46C4     46C4       2C         0
                text15                             485E     485E        A         0
                text14                             41A2     41A2       98         0
                text13                             4850     4850        E         0
                text12                             4696     4696       2E         0
                text11                             4792     4792       26         0
                text10                             4668     4668       2E         0
                text9                              4820     4820       14         0
                text8                              4546     4546       54         0
                text7                              487A     487A        4         0
                text6                              476C     476C       26         0
                text5                              42CE     42CE       92         0
                text4                              471C     471C       28         0
                text3                              4842     4842        E         0
                text2                              459A     459A       4E         0
                text1                              47D6     47D6       1A         0
                text0                              4834     4834        E         0
                cinit                              4436     4436       5C         0
                idataBANK5                         487E     487E        2         0
                idataCOMRAM                        4872     4872        8         0

        CLASS   CONST          

        CLASS   SMALLCONST     
                smallconst                         3800     3800       14         0

        CLASS   MEDIUMCONST    

        CLASS   COMRAM         
                cstackCOMRAM                        501      501       45         1
                dataCOMRAM                          551      551        8         1
                bssCOMRAM                           546      546        B         1
                nvCOMRAM                            559      559        3         1

        CLASS   ABS1           

        CLASS   BIGRAM         

        CLASS   RAM            

        CLASS   BANK5          
                cstackBANK5                         560      560        3         1
                dataBANK5                           563      563        2         1

        CLASS   BANK6          

        CLASS   BANK7          

        CLASS   BANK8          

        CLASS   BANK9          

        CLASS   BANK10         

        CLASS   BANK11         

        CLASS   BANK12         

        CLASS   BANK13         

        CLASS   BANK14         

        CLASS   BANK15         

        CLASS   BANK16         

        CLASS   BANK17         

        CLASS   BANK18         

        CLASS   BANK19         

        CLASS   BANK20         

        CLASS   BANK21         

        CLASS   BANK22         

        CLASS   BANK23         

        CLASS   BANK24         

        CLASS   BANK25         

        CLASS   BANK26         

        CLASS   BANK27         

        CLASS   BANK28         

        CLASS   BANK29         

        CLASS   BANK30         

        CLASS   BANK31         

        CLASS   BANK32         

        CLASS   BANK33         

        CLASS   BANK34         

        CLASS   BANK35         

        CLASS   BANK36         

        CLASS   BANK37         

        CLASS   BANK38         

        CLASS   BANK39         

        CLASS   BANK40         

        CLASS   BANK41         

        CLASS   BANK42         

        CLASS   BANK43         

        CLASS   BANK44         

        CLASS   BANK45         

        CLASS   BANK46         

        CLASS   BANK47         

        CLASS   BANK48         

        CLASS   BANK49         

        CLASS   BANK50         

        CLASS   BANK51         

        CLASS   BANK52         

        CLASS   BANK53         

        CLASS   BANK54         

        CLASS   BANK55         

        CLASS   SFR            

        CLASS   CONFIG         
                config                           300000   300000       24         4

        CLASS   IDLOC          
                idloc                            200000   200000       20         5

        CLASS   FARRAM         

        CLASS   EEDATA         



SEGMENTS        Name                           Load    Length   Top    Selector   Space  Class

                reset_vec                      000000  000004  000004         0       0  CODE    
                ivt0x8                         000008  000016  00001E         4       0  CODE    
                cstackCOMRAM                   000501  00005B  00055C       501       1  COMRAM  
                cstackBANK5                    000560  000005  000565       560       1  BANK5   
                smallconst                     003800  000014  003814      1C00       0  SMALLCON
                text25                         003814  00106C  004880      1C0A       0  CODE    


UNUSED ADDRESS RANGES

        Name                Unused          Largest block    Delta
        BANK10           000A00-000AFF              100
        BANK11           000B00-000BFF              100
        BANK12           000C00-000CFF              100
        BANK13           000D00-000DFF              100
        BANK14           000E00-000EFF              100
        BANK15           000F00-000FFF              100
        BANK16           001000-0010FF              100
        BANK17           001100-0011FF              100
        BANK18           001200-0012FF              100
        BANK19           001300-0013FF              100
        BANK20           001400-0014FF              100
        BANK21           001500-0015FF              100
        BANK22           001600-0016FF              100
        BANK23           001700-0017FF              100
        BANK24           001800-0018FF              100
        BANK25           001900-0019FF              100
        BANK26           001A00-001AFF              100
        BANK27           001B00-001BFF              100
        BANK28           001C00-001CFF              100
        BANK29           001D00-001DFF              100
        BANK30           001E00-001EFF              100
        BANK31           001F00-001FFF              100
        BANK32           002000-0020FF              100
        BANK33           002100-0021FF              100
        BANK34           002200-0022FF              100
        BANK35           002300-0023FF              100
        BANK36           002400-0024FF              100
        BANK37           002500-0025FF              100
        BANK38           002600-0026FF              100
        BANK39           002700-0027FF              100
        BANK40           002800-0028FF              100
        BANK41           002900-0029FF              100
        BANK42           002A00-002AFF              100
        BANK43           002B00-002BFF              100
        BANK44           002C00-002CFF              100
        BANK45           002D00-002DFF              100
        BANK46           002E00-002EFF              100
        BANK47           002F00-002FFF              100
        BANK48           003000-0030FF              100
        BANK49           003100-0031FF              100
        BANK5            000565-0005FF               9B
        BANK50           003200-0032FF              100
        BANK51           003300-0033FF              100
        BANK52           003400-0034FF              100
        BANK53           003500-0035FF              100
        BANK54           003600-0036FF              100
        BANK55           003700-0037FF              100
        BANK6            000600-0006FF              100
        BANK7            000700-0007FF              100
        BANK8            000800-0008FF              100
        BANK9            000900-0009FF              100
        BIGRAM           00055C-00055F                4
                         000565-0037FF             329B
        CODE             000004-000007                4
                         00001E-0037FF             37E2
                         004880-01FFFF            1B780
        COMRAM           00055C-00055F                4
        CONST            000004-000007                4
                         00001E-0037FF             37E2
                         004880-01FFFF            1B780
        EEDATA           380000-3803FF              400
        MEDIUMCONST      004880-00FFFF             B780
                         013800-01FFFF             C800
        RAM              000565-0037FF              100
        SFR              000000-0004FF              100
        SMALLCONST       004880-01FFFF              100
        STACK            000565-0037FF             329B

                                  Symbol Table

CAN1_OperationModeSet@opMode                     cstackBANK5  000560
CAN1_OperationModeSet@requestMode                cstackBANK5  000562
CAN1_OperationModeSet@status                     cstackBANK5  000561
CAN1_RX_FIFO_ResetInfo@index                     cstackBANK5  000560
CAN1_ReceiveFrom@channel                         cstackCOMRAM 000526
CAN1_ReceiveFrom@index                           cstackCOMRAM 000527
CAN1_ReceiveFrom@rxCanMsg                        cstackCOMRAM 000522
CAN1_ReceiveFrom@status                          cstackCOMRAM 000525
CAN1_ReceivedMessageCountGet@channel             cstackCOMRAM 000506
CAN1_ReceivedMessageCountGet@fifoDepth           cstackCOMRAM 000507
CAN1_ReceivedMessageCountGet@fifoHead            cstackCOMRAM 000509
CAN1_ReceivedMessageCountGet@fifoTail            cstackCOMRAM 000508
CAN1_ReceivedMessageCountGet@index               cstackCOMRAM 00050A
CAN1_ReceivedMessageCountGet@numOfMsg            cstackCOMRAM 000504
CAN1_ReceivedMessageCountGet@rxMsgStatus         cstackCOMRAM 000505
CAN1_ReceivedMessageCountGet@totalMsgObj         cstackCOMRAM 000503
CAN1_SetFIFO1NotEmptyHandler@handler             cstackBANK5  000560
CAN1_Transmit@fifoChannel                        cstackCOMRAM 00051D
CAN1_Transmit@status                             cstackCOMRAM 00051A
CAN1_Transmit@txCanMsg                           cstackCOMRAM 000518
CAN1_Transmit@txFifoObj                          cstackCOMRAM 00051B
CAN1_TransmitFIFOStatusGet@fifoChannel           cstackCOMRAM 000504
CAN1_TransmitFIFOStatusGet@status                cstackCOMRAM 000503
DefaultFIFO1NotEmptyHandler@Currently_Processing cstackCOMRAM 000533
DefaultFIFO1NotEmptyHandler@PID                  cstackCOMRAM 00053A
DefaultFIFO1NotEmptyHandler@Return_Message       cstackCOMRAM 00053B
DefaultFIFO1NotEmptyHandler@data_Out             cstackCOMRAM 00052B
DefaultFIFO1NotEmptyHandler@mode                 cstackCOMRAM 00052A
DefaultFIFO1NotEmptyHandler@numBytes             cstackCOMRAM 000529
GetRxFifoDepth@validChannel                      cstackCOMRAM 000502
GetRxFifoStatus@validChannel                     cstackCOMRAM 000501
GetTxFifoStatus@validChannel                     cstackCOMRAM 000501
IVTBASEH                                         (abs)        00045E
IVTBASEL                                         (abs)        00045D
IVTBASEU                                         (abs)        00045F
ReadMessageFromFifo@msgId                        cstackCOMRAM 000513
ReadMessageFromFifo@rxCanMsg                     cstackCOMRAM 00050E
ReadMessageFromFifo@rxFifoObj                    cstackCOMRAM 00050C
ReadMessageFromFifo@status                       cstackCOMRAM 000517
Receive@channel                                  cstackCOMRAM 000518
Receive@index                                    cstackCOMRAM 000521
Receive@rxCanMsg                                 cstackCOMRAM 000519
Receive@rxFifoObj                                cstackCOMRAM 00051E
Receive@rxMsgStatus                              cstackCOMRAM 000520
Receive@status                                   cstackCOMRAM 00051D
TU16A_DefaultInterruptHandler@F23391             dataCOMRAM   000551
TU16A_DefaultInterruptHandler@Transmission       cstackCOMRAM 000527
TU16A_DefaultInterruptHandler@Transmit_Data      cstackCOMRAM 00051F
TU16A_SetInterruptHandler@InterruptHandler       cstackBANK5  000560
ValidateTransmission@field                       cstackCOMRAM 00050C
ValidateTransmission@plsize                      cstackCOMRAM 000509
ValidateTransmission@txCanMsg                    cstackCOMRAM 000502
ValidateTransmission@txMsgStatus                 cstackCOMRAM 00050B
ValidateTransmission@validChannel                cstackCOMRAM 00050A
WriteMessageToFifo@msgId                         cstackCOMRAM 000514
WriteMessageToFifo@status                        cstackCOMRAM 000513
WriteMessageToFifo@txCanMsg                      cstackCOMRAM 00050E
WriteMessageToFifo@txFifoObj                     cstackCOMRAM 00050C
_ANSELA                                          (abs)        000400
_ANSELB                                          (abs)        000408
_ANSELC                                          (abs)        000410
_ANSELD                                          (abs)        000418
_ANSELE                                          (abs)        000420
_ANSELF                                          (abs)        000428
_C1CONH                                          (abs)        000101
_C1CONHbits                                      (abs)        000101
_C1CONL                                          (abs)        000100
_C1CONTbits                                      (abs)        000103
_C1CONU                                          (abs)        000102
_C1CONUbits                                      (abs)        000102
_C1DBTCFGH                                       (abs)        000109
_C1DBTCFGL                                       (abs)        000108
_C1DBTCFGT                                       (abs)        00010B
_C1DBTCFGU                                       (abs)        00010A
_C1FIFOBA                                        (abs)        00014C
_C1FIFOCON1H                                     (abs)        00015D
_C1FIFOCON1L                                     (abs)        00015C
_C1FIFOCON1T                                     (abs)        00015F
_C1FIFOCON1U                                     (abs)        00015E
_C1FIFOSTA1Lbits                                 (abs)        000160
_C1FLTCON0L                                      (abs)        000180
_C1FLTOBJ0H                                      (abs)        00018D
_C1FLTOBJ0L                                      (abs)        00018C
_C1FLTOBJ0T                                      (abs)        00018F
_C1FLTOBJ0U                                      (abs)        00018E
_C1INTHbits                                      (abs)        00011D
_C1INTTbits                                      (abs)        00011F
_C1INTUbits                                      (abs)        00011E
_C1MASK0H                                        (abs)        000191
_C1MASK0L                                        (abs)        000190
_C1MASK0T                                        (abs)        000193
_C1MASK0U                                        (abs)        000192
_C1NBTCFGH                                       (abs)        000105
_C1NBTCFGL                                       (abs)        000104
_C1NBTCFGT                                       (abs)        000107
_C1NBTCFGU                                       (abs)        000106
_C1TDCH                                          (abs)        00010D
_C1TDCU                                          (abs)        00010E
_C1TRECUbits                                     (abs)        000136
_C1TXQCONH                                       (abs)        000151
_C1TXQCONL                                       (abs)        000150
_C1TXQCONT                                       (abs)        000153
_C1TXQCONU                                       (abs)        000152
_CAN1_BitRateConfiguration                       text16       0046C4
_CAN1_FIFO1NotEmptyHandler                       bssCOMRAM    000546
_CAN1_Initialize                                 text8        004546
_CAN1_OperationModeGet                           text15       00485E
_CAN1_OperationModeSet                           text14       0041A2
_CAN1_RXI_ISR                                    text20       0046F0
_CAN1_RX_FIFO_Configuration                      text12       004696
_CAN1_RX_FIFO_FilterMaskConfiguration            text11       004792
_CAN1_RX_FIFO_ResetInfo                          text10       004668
_CAN1_ReceiveFrom                                text30       004492
_CAN1_ReceivedMessageCountGet                    text29       0040D8
_CAN1_SetFIFO1NotEmptyHandler                    text13       004850
_CAN1_TX_FIFO_Configuration                      text9        004820
_CAN1_Transmit                                   text23       00423A
_CAN1_TransmitFIFOStatusGet                      text22       004744
_CANRXPPS                                        (abs)        00023D
_DLC_BYTES                                       smallconst   003801
_DefaultFIFO1NotEmptyHandler                     text21       003C9A
_GetRxFifoDepth                                  text35       0047B8
_GetRxFifoStatus                                 text34       004808
_GetTxFifoStatus                                 text28       0047F0
_INLVLA                                          (abs)        000404
_INLVLB                                          (abs)        00040C
_INLVLC                                          (abs)        000414
_INLVLD                                          (abs)        00041C
_INLVLE                                          (abs)        000424
_INLVLF                                          (abs)        00042C
_INTCON0bits                                     (abs)        0004D6
_INTERRUPT_Initialize                            text7        00487A
_INTERRUPT_InterruptManager                      text17       004360
_LATA                                            (abs)        0004BE
_LATB                                            (abs)        0004BF
_LATC                                            (abs)        0004C0
_LATD                                            (abs)        0004C1
_LATE                                            (abs)        0004C2
_LATF                                            (abs)        0004C3
_ODCONA                                          (abs)        000402
_ODCONB                                          (abs)        00040A
_ODCONC                                          (abs)        000412
_ODCOND                                          (abs)        00041A
_ODCONE                                          (abs)        000422
_ODCONF                                          (abs)        00042A
_OSCCON1                                         (abs)        0000AD
_OSCCON3                                         (abs)        0000AF
_OSCEN                                           (abs)        0000B3
_OSCFRQ                                          (abs)        0000B1
_OSCILLATOR_Initialize                           text6        00476C
_OSCTUNE                                         (abs)        0000B0
_PIE0bits                                        (abs)        00049E
_PIE4bits                                        (abs)        0004A2
_PIN_MANAGER_Initialize                          text5        0042CE
_PIR0bits                                        (abs)        0004AE
_PIR4bits                                        (abs)        0004B2
_PLLR                                            (abs)        000590
_PMD0                                            (abs)        000060
_PMD1                                            (abs)        000061
_PMD2                                            (abs)        000062
_PMD3                                            (abs)        000063
_PMD4                                            (abs)        000064
_PMD5                                            (abs)        000065
_PMD6                                            (abs)        000066
_PMD7                                            (abs)        000067
_PMD8                                            (abs)        000068
_PMD_Initialize                                  text4        00471C
_RB0PPS                                          (abs)        000209
_ReadMessageFromFifo                             text32       003A5A
_Receive                                         text31       003FEC
_SLRCONA                                         (abs)        000403
_SLRCONB                                         (abs)        00040B
_SLRCONC                                         (abs)        000413
_SLRCOND                                         (abs)        00041B
_SLRCONE                                         (abs)        000423
_SLRCONF                                         (abs)        00042B
_SYSTEM_Initialize                               text1        0047D6
_TRISA                                           (abs)        0004C6
_TRISB                                           (abs)        0004C7
_TRISC                                           (abs)        0004C8
_TRISD                                           (abs)        0004C9
_TRISE                                           (abs)        0004CA
_TRISF                                           (abs)        0004CB
_TU16ACLK                                        (abs)        00038F
_TU16ACON0                                       (abs)        000387
_TU16ACON0bits                                   (abs)        000387
_TU16ACON1                                       (abs)        000388
_TU16ACON1bits                                   (abs)        000388
_TU16ACRH                                        (abs)        00038C
_TU16ACRL                                        (abs)        00038B
_TU16AERS                                        (abs)        000390
_TU16AHLT                                        (abs)        000389
_TU16APRH                                        (abs)        00038E
_TU16APRL                                        (abs)        00038D
_TU16APS                                         (abs)        00038A
_TU16ATMRH                                       (abs)        00038C
_TU16ATMRL                                       (abs)        00038B
_TU16A_DefaultInterruptHandler                   text19       0043D6
_TU16A_ISR                                       text18       0045E8
_TU16A_Initialize                                text2        00459A
_TU16A_InterruptHandler                          nvCOMRAM     000559
_TU16A_SetInterruptHandler                       text3        004842
_TUCHAIN                                         (abs)        0003BB
_ValidateTransmission                            text26       003EC6
_WPUA                                            (abs)        000401
_WPUB                                            (abs)        000409
_WPUC                                            (abs)        000411
_WPUD                                            (abs)        000419
_WPUE                                            (abs)        000421
_WPUF                                            (abs)        000429
_WriteMessageToFifo                              text25       003814
__HRAM                                           (abs)        000000
__Habs1                                          abs1         000000
__Hbank10                                        bank10       000000
__Hbank11                                        bank11       000000
__Hbank12                                        bank12       000000
__Hbank13                                        bank13       000000
__Hbank14                                        bank14       000000
__Hbank15                                        bank15       000000
__Hbank16                                        bank16       000000
__Hbank17                                        bank17       000000
__Hbank18                                        bank18       000000
__Hbank19                                        bank19       000000
__Hbank20                                        bank20       000000
__Hbank21                                        bank21       000000
__Hbank22                                        bank22       000000
__Hbank23                                        bank23       000000
__Hbank24                                        bank24       000000
__Hbank25                                        bank25       000000
__Hbank26                                        bank26       000000
__Hbank27                                        bank27       000000
__Hbank28                                        bank28       000000
__Hbank29                                        bank29       000000
__Hbank30                                        bank30       000000
__Hbank31                                        bank31       000000
__Hbank32                                        bank32       000000
__Hbank33                                        bank33       000000
__Hbank34                                        bank34       000000
__Hbank35                                        bank35       000000
__Hbank36                                        bank36       000000
__Hbank37                                        bank37       000000
__Hbank38                                        bank38       000000
__Hbank39                                        bank39       000000
__Hbank40                                        bank40       000000
__Hbank41                                        bank41       000000
__Hbank42                                        bank42       000000
__Hbank43                                        bank43       000000
__Hbank44                                        bank44       000000
__Hbank45                                        bank45       000000
__Hbank46                                        bank46       000000
__Hbank47                                        bank47       000000
__Hbank48                                        bank48       000000
__Hbank49                                        bank49       000000
__Hbank5                                         bank5        000000
__Hbank50                                        bank50       000000
__Hbank51                                        bank51       000000
__Hbank52                                        bank52       000000
__Hbank53                                        bank53       000000
__Hbank54                                        bank54       000000
__Hbank55                                        bank55       000000
__Hbank6                                         bank6        000000
__Hbank7                                         bank7        000000
__Hbank8                                         bank8        000000
__Hbank9                                         bank9        000000
__Hbigbss                                        bigbss       000000
__Hbigdata                                       bigdata      000000
__Hbigram                                        bigram       000000
__Hbss                                           bss          000000
__HbssCOMRAM                                     bssCOMRAM    000000
__Hcinit                                         cinit        000000
__Hclrtext                                       clrtext      000000
__Hcomram                                        comram       000000
__Hconfig                                        config       300024
__Hconst                                         const        000000
__HcstackBANK5                                   cstackBANK5  000000
__HcstackCOMRAM                                  cstackCOMRAM 000000
__Hdata                                          data         000000
__HdataBANK5                                     dataBANK5    000000
__HdataCOMRAM                                    dataCOMRAM   000000
__Heeprom_data                                   eeprom_data  000000
__Hfarbss                                        farbss       000000
__Hfardata                                       fardata      000000
__Hibigdata                                      ibigdata     000000
__Hidata                                         idata        000000
__HidataBANK5                                    idataBANK5   000000
__HidataCOMRAM                                   idataCOMRAM  000000
__Hidloc                                         idloc        200020
__Hifardata                                      ifardata     000000
__Hinit                                          init         00001E
__Hintsave_regs                                  intsave_regs 000000
__Hirdata                                        irdata       000000
__Hivt0x8                                        ivt0x8       00001A
__Hmediumconst                                   mediumconst  000000
__HnvCOMRAM                                      nvCOMRAM     000000
__HnvFARRAM                                      nvFARRAM     000000
__Hnvbit                                         nvbit        000000
__Hnvrram                                        nvrram       000000
__Hparam                                         rparam       000000
__Hpowerup                                       powerup      000000
__Hram                                           ram          000000
__Hramtop                                        ramtop       003800
__Hrbit                                          rbit         000000
__Hrbss                                          rbss         000000
__Hrdata                                         rdata        000000
__Hreset_vec                                     reset_vec    000004
__Hrparam                                        rparam       000000
__Hsfr                                           sfr          000000
__Hsmallconst                                    smallconst   003814
__Hspace_0                                       (abs)        004880
__Hspace_1                                       (abs)        000565
__Hspace_2                                       (abs)        000000
__Hspace_4                                       (abs)        600024
__Hstack                                         stack        000000
__Hstruct                                        struct       000000
__Htemp                                          temp         000000
__Htext                                          text         000000
__Htext0                                         text0        000000
__Htext1                                         text1        000000
__Htext10                                        text10       000000
__Htext11                                        text11       000000
__Htext12                                        text12       000000
__Htext13                                        text13       000000
__Htext14                                        text14       000000
__Htext15                                        text15       000000
__Htext16                                        text16       000000
__Htext17                                        text17       000000
__Htext18                                        text18       000000
__Htext19                                        text19       000000
__Htext2                                         text2        000000
__Htext20                                        text20       000000
__Htext21                                        text21       000000
__Htext22                                        text22       000000
__Htext23                                        text23       000000
__Htext24                                        text24       000000
__Htext25                                        text25       000000
__Htext26                                        text26       000000
__Htext27                                        text27       000000
__Htext28                                        text28       000000
__Htext29                                        text29       000000
__Htext3                                         text3        000000
__Htext30                                        text30       000000
__Htext31                                        text31       000000
__Htext32                                        text32       000000
__Htext33                                        text33       000000
__Htext34                                        text34       000000
__Htext35                                        text35       000000
__Htext36                                        text36       000000
__Htext4                                         text4        000000
__Htext5                                         text5        000000
__Htext6                                         text6        000000
__Htext7                                         text7        000000
__Htext8                                         text8        000000
__Htext9                                         text9        000000
__LRAM                                           (abs)        000001
__Labs1                                          abs1         000000
__Lbank10                                        bank10       000000
__Lbank11                                        bank11       000000
__Lbank12                                        bank12       000000
__Lbank13                                        bank13       000000
__Lbank14                                        bank14       000000
__Lbank15                                        bank15       000000
__Lbank16                                        bank16       000000
__Lbank17                                        bank17       000000
__Lbank18                                        bank18       000000
__Lbank19                                        bank19       000000
__Lbank20                                        bank20       000000
__Lbank21                                        bank21       000000
__Lbank22                                        bank22       000000
__Lbank23                                        bank23       000000
__Lbank24                                        bank24       000000
__Lbank25                                        bank25       000000
__Lbank26                                        bank26       000000
__Lbank27                                        bank27       000000
__Lbank28                                        bank28       000000
__Lbank29                                        bank29       000000
__Lbank30                                        bank30       000000
__Lbank31                                        bank31       000000
__Lbank32                                        bank32       000000
__Lbank33                                        bank33       000000
__Lbank34                                        bank34       000000
__Lbank35                                        bank35       000000
__Lbank36                                        bank36       000000
__Lbank37                                        bank37       000000
__Lbank38                                        bank38       000000
__Lbank39                                        bank39       000000
__Lbank40                                        bank40       000000
__Lbank41                                        bank41       000000
__Lbank42                                        bank42       000000
__Lbank43                                        bank43       000000
__Lbank44                                        bank44       000000
__Lbank45                                        bank45       000000
__Lbank46                                        bank46       000000
__Lbank47                                        bank47       000000
__Lbank48                                        bank48       000000
__Lbank49                                        bank49       000000
__Lbank5                                         bank5        000000
__Lbank50                                        bank50       000000
__Lbank51                                        bank51       000000
__Lbank52                                        bank52       000000
__Lbank53                                        bank53       000000
__Lbank54                                        bank54       000000
__Lbank55                                        bank55       000000
__Lbank6                                         bank6        000000
__Lbank7                                         bank7        000000
__Lbank8                                         bank8        000000
__Lbank9                                         bank9        000000
__Lbigbss                                        bigbss       000000
__Lbigdata                                       bigdata      000000
__Lbigram                                        bigram       000000
__Lbss                                           bss          000000
__LbssCOMRAM                                     bssCOMRAM    000000
__Lcinit                                         cinit        000000
__Lclrtext                                       clrtext      000000
__Lcomram                                        comram       000000
__Lconfig                                        config       000000
__Lconst                                         const        000000
__LcstackBANK5                                   cstackBANK5  000000
__LcstackCOMRAM                                  cstackCOMRAM 000000
__Ldata                                          data         000000
__LdataBANK5                                     dataBANK5    000000
__LdataCOMRAM                                    dataCOMRAM   000000
__Leeprom_data                                   eeprom_data  000000
__Lfarbss                                        farbss       000000
__Lfardata                                       fardata      000000
__Libigdata                                      ibigdata     000000
__Lidata                                         idata        000000
__LidataBANK5                                    idataBANK5   000000
__LidataCOMRAM                                   idataCOMRAM  000000
__Lidloc                                         idloc        000000
__Lifardata                                      ifardata     000000
__Linit                                          init         00001A
__Lintsave_regs                                  intsave_regs 000000
__Lirdata                                        irdata       000000
__Livt0x8                                        ivt0x8       000008
__Lmediumconst                                   mediumconst  000000
__LnvCOMRAM                                      nvCOMRAM     000000
__LnvFARRAM                                      nvFARRAM     000000
__Lnvbit                                         nvbit        000000
__Lnvrram                                        nvrram       000000
__Lparam                                         rparam       000000
__Lpowerup                                       powerup      000000
__Lram                                           ram          000000
__Lramtop                                        ramtop       003800
__Lrbit                                          rbit         000000
__Lrbss                                          rbss         000000
__Lrdata                                         rdata        000000
__Lreset_vec                                     reset_vec    000000
__Lrparam                                        rparam       000000
__Lsfr                                           sfr          000000
__Lsmallconst                                    smallconst   003800
__Lspace_0                                       (abs)        000000
__Lspace_1                                       (abs)        000000
__Lspace_2                                       (abs)        000000
__Lspace_4                                       (abs)        000000
__Lstack                                         stack        000000
__Lstruct                                        struct       000000
__Ltemp                                          temp         000000
__Ltext                                          text         000000
__Ltext0                                         text0        000000
__Ltext1                                         text1        000000
__Ltext10                                        text10       000000
__Ltext11                                        text11       000000
__Ltext12                                        text12       000000
__Ltext13                                        text13       000000
__Ltext14                                        text14       000000
__Ltext15                                        text15       000000
__Ltext16                                        text16       000000
__Ltext17                                        text17       000000
__Ltext18                                        text18       000000
__Ltext19                                        text19       000000
__Ltext2                                         text2        000000
__Ltext20                                        text20       000000
__Ltext21                                        text21       000000
__Ltext22                                        text22       000000
__Ltext23                                        text23       000000
__Ltext24                                        text24       000000
__Ltext25                                        text25       000000
__Ltext26                                        text26       000000
__Ltext27                                        text27       000000
__Ltext28                                        text28       000000
__Ltext29                                        text29       000000
__Ltext3                                         text3        000000
__Ltext30                                        text30       000000
__Ltext31                                        text31       000000
__Ltext32                                        text32       000000
__Ltext33                                        text33       000000
__Ltext34                                        text34       000000
__Ltext35                                        text35       000000
__Ltext36                                        text36       000000
__Ltext4                                         text4        000000
__Ltext5                                         text5        000000
__Ltext6                                         text6        000000
__Ltext7                                         text7        000000
__Ltext8                                         text8        000000
__Ltext9                                         text9        000000
__S0                                             (abs)        004880
__S1                                             (abs)        000565
__S2                                             (abs)        000000
__S4                                             (abs)        000000
__S5                                             (abs)        000000
___inthi_sp                                      stack        000000
___intlo_sp                                      stack        000000
___param_bank                                    (abs)        000000
___rparam_used                                   (abs)        000001
___sp                                            stack        000000
__accesstop                                      (abs)        000560
__activetblptr                                   (abs)        000003
__end_of_CAN1_BitRateConfiguration               text16       0046F0
__end_of_CAN1_Initialize                         text8        00459A
__end_of_CAN1_OperationModeGet                   text15       004868
__end_of_CAN1_OperationModeSet                   text14       00423A
__end_of_CAN1_RXI_ISR                            text20       00471C
__end_of_CAN1_RX_FIFO_Configuration              text12       0046C4
__end_of_CAN1_RX_FIFO_FilterMaskConfiguration    text11       0047B8
__end_of_CAN1_RX_FIFO_ResetInfo                  text10       004696
__end_of_CAN1_ReceiveFrom                        text30       0044EC
__end_of_CAN1_ReceivedMessageCountGet            text29       0041A2
__end_of_CAN1_SetFIFO1NotEmptyHandler            text13       00485E
__end_of_CAN1_TX_FIFO_Configuration              text9        004834
__end_of_CAN1_Transmit                           text23       0042CE
__end_of_CAN1_TransmitFIFOStatusGet              text22       00476C
__end_of_DLC_BYTES                               smallconst   003811
__end_of_DefaultFIFO1NotEmptyHandler             text21       003EC6
__end_of_FIFO                                    smallconst   003813
__end_of_GetRxFifoDepth                          text35       0047D6
__end_of_GetRxFifoStatus                         text34       004820
__end_of_GetTxFifoStatus                         text28       004808
__end_of_INTERRUPT_Initialize                    text7        00487E
__end_of_INTERRUPT_InterruptManager              text17       0043D6
__end_of_OSCILLATOR_Initialize                   text6        004792
__end_of_PIN_MANAGER_Initialize                  text5        004360
__end_of_PMD_Initialize                          text4        004744
__end_of_ReadMessageFromFifo                     text32       003C9A
__end_of_Receive                                 text31       0040D8
__end_of_SYSTEM_Initialize                       text1        0047F0
__end_of_TU16A_DefaultInterruptHandler           text19       004436
__end_of_TU16A_ISR                               text18       00462A
__end_of_TU16A_Initialize                        text2        0045E8
__end_of_TU16A_SetInterruptHandler               text3        004850
__end_of_ValidateTransmission                    text26       003FEC
__end_of_WriteMessageToFifo                      text25       003A5A
__end_of__initialization                         cinit        00448C
__end_of_isTxChannel                             text24       004668
__end_of_main                                    text0        004842
__end_of_memcpy                                  text33       004546
__end_ofi2_CAN1_OperationModeGet                 text27       004872
__initialization                                 cinit        004436
__mediumconst                                    mediumconst  000000
__pbssCOMRAM                                     bssCOMRAM    000546
__pcinit                                         cinit        004436
__pcstackBANK5                                   cstackBANK5  000560
__pcstackCOMRAM                                  cstackCOMRAM 000501
__pdataBANK5                                     dataBANK5    000563
__pdataCOMRAM                                    dataCOMRAM   000551
__pidataBANK5                                    idataBANK5   00487E
__pidataCOMRAM                                   idataCOMRAM  004872
__pivt0x8                                        ivt0x8       000008
__pnvCOMRAM                                      nvCOMRAM     000559
__psmallconst                                    smallconst   003800
__ptext0                                         text0        004834
__ptext1                                         text1        0047D6
__ptext10                                        text10       004668
__ptext11                                        text11       004792
__ptext12                                        text12       004696
__ptext13                                        text13       004850
__ptext14                                        text14       0041A2
__ptext15                                        text15       00485E
__ptext16                                        text16       0046C4
__ptext17                                        text17       004360
__ptext18                                        text18       0045E8
__ptext19                                        text19       0043D6
__ptext2                                         text2        00459A
__ptext20                                        text20       0046F0
__ptext21                                        text21       003C9A
__ptext22                                        text22       004744
__ptext23                                        text23       00423A
__ptext24                                        text24       00462A
__ptext25                                        text25       003814
__ptext26                                        text26       003EC6
__ptext27                                        text27       004868
__ptext28                                        text28       0047F0
__ptext29                                        text29       0040D8
__ptext3                                         text3        004842
__ptext30                                        text30       004492
__ptext31                                        text31       003FEC
__ptext32                                        text32       003A5A
__ptext33                                        text33       0044EC
__ptext34                                        text34       004808
__ptext35                                        text35       0047B8
__ptext36                                        text36       000000
__ptext4                                         text4        00471C
__ptext5                                         text5        0042CE
__ptext6                                         text6        00476C
__ptext7                                         text7        00487A
__ptext8                                         text8        004546
__ptext9                                         text9        004820
__ramtop                                         ramtop       003800
__size_of_CAN1_BitRateConfiguration              (abs)        000000
__size_of_CAN1_Initialize                        (abs)        000000
__size_of_CAN1_OperationModeGet                  (abs)        000000
__size_of_CAN1_OperationModeSet                  (abs)        000000
__size_of_CAN1_RXI_ISR                           (abs)        000000
__size_of_CAN1_RX_FIFO_Configuration             (abs)        000000
__size_of_CAN1_RX_FIFO_FilterMaskConfiguration   (abs)        000000
__size_of_CAN1_RX_FIFO_ResetInfo                 (abs)        000000
__size_of_CAN1_ReceiveFrom                       (abs)        000000
__size_of_CAN1_ReceivedMessageCountGet           (abs)        000000
__size_of_CAN1_SetFIFO1NotEmptyHandler           (abs)        000000
__size_of_CAN1_TX_FIFO_Configuration             (abs)        000000
__size_of_CAN1_Transmit                          (abs)        000000
__size_of_CAN1_TransmitFIFOStatusGet             (abs)        000000
__size_of_DefaultFIFO1NotEmptyHandler            (abs)        000000
__size_of_GetRxFifoDepth                         (abs)        000000
__size_of_GetRxFifoStatus                        (abs)        000000
__size_of_GetTxFifoStatus                        (abs)        000000
__size_of_INTERRUPT_Initialize                   (abs)        000000
__size_of_INTERRUPT_InterruptManager             (abs)        000000
__size_of_OSCILLATOR_Initialize                  (abs)        000000
__size_of_PIN_MANAGER_Initialize                 (abs)        000000
__size_of_PMD_Initialize                         (abs)        000000
__size_of_ReadMessageFromFifo                    (abs)        000000
__size_of_Receive                                (abs)        000000
__size_of_SYSTEM_Initialize                      (abs)        000000
__size_of_TU16A_DefaultInterruptHandler          (abs)        000000
__size_of_TU16A_ISR                              (abs)        000000
__size_of_TU16A_Initialize                       (abs)        000000
__size_of_TU16A_SetInterruptHandler              (abs)        000000
__size_of_ValidateTransmission                   (abs)        000000
__size_of_WriteMessageToFifo                     (abs)        000000
__size_of_isTxChannel                            (abs)        000000
__size_of_main                                   (abs)        000000
__size_of_memcpy                                 (abs)        000000
__size_ofi2_CAN1_OperationModeGet                (abs)        000000
__smallconst                                     smallconst   003800
_isTxChannel                                     text24       00462A
_isTxChannel$620                                 cstackCOMRAM 000501
_main                                            text0        004834
_memcpy                                          text33       0044EC
_rxFifos                                         dataBANK5    000563
_rxMsgData                                       bssCOMRAM    000549
end_of_initialization                            cinit        00448C
i2_CAN1_OperationModeGet                         text27       004868
intlevel0                                        text         000000
intlevel1                                        text         000000
intlevel2                                        text         000000
intlevel3                                        text         000000
isTxChannel@channel                              cstackCOMRAM 000502
ivt0x8_base                                      ivt0x8       000008
memcpy@d                                         cstackCOMRAM 000507
memcpy@d1                                        cstackCOMRAM 000501
memcpy@n                                         cstackCOMRAM 000505
memcpy@s                                         cstackCOMRAM 000509
memcpy@s1                                        cstackCOMRAM 000503
memcpy@tmp                                       cstackCOMRAM 00050B
stackhi                                          (abs)        0037FF
stacklo                                          (abs)        000565
start                                            init         00001A
start_initialization                             cinit        004436


FUNCTION INFORMATION:

 *************** function _main *****************
 Defined at:
		line 49 in file "main.c"
 Parameters:    Size  Location     Type
		None
 Auto vars:     Size  Location     Type
		None
 Return value:  Size  Location     Type
                  1    wreg      void 
 Registers used:
		wreg, fsr2l, fsr2h, status,2, status,0, prodl, prodh, cstack
 Tracked objects:
		On entry : 
		On exit  : 
		Unchanged: 
 Data sizes:     COMRAM   BANK5   BANK6   BANK7   BANK8   BANK9  BANK10  BANK11  BANK12  BANK13  BANK14  BANK15  BANK16  BANK17  BANK18  BANK19  BANK20  BANK21  BANK22  BANK23  BANK24  BANK25  BANK26  BANK27  BANK28  BANK29  BANK30  BANK31  BANK32  BANK33  BANK34  BANK35  BANK36  BANK37  BANK38  BANK39  BANK40  BANK41  BANK42  BANK43  BANK44  BANK45  BANK46  BANK47  BANK48  BANK49  BANK50  BANK51  BANK52  BANK53  BANK54  BANK55
      Params:         0       0       0       0       0       0       0       0       0       0       0       0       0       0       0       0       0       0       0       0       0       0       0       0       0       0       0       0       0       0       0       0       0       0       0       0       0       0       0       0       0       0       0       0       0       0       0       0       0       0       0       0
      Locals:         0       0       0       0       0       0       0       0       0       0       0       0       0       0       0       0       0       0       0       0       0       0       0       0       0       0       0       0       0       0       0       0       0       0       0       0       0       0       0       0       0       0       0       0       0       0       0       0       0       0       0       0
      Temps:          0       0       0       0       0       0       0       0       0       0       0       0       0       0       0       0       0       0       0       0       0       0       0       0       0       0       0       0       0       0       0       0       0       0       0       0       0       0       0       0       0       0       0       0       0       0       0       0       0       0       0       0
      Totals:         0       0       0       0       0       0       0       0       0       0       0       0       0       0       0       0       0       0       0       0       0       0       0       0       0       0       0       0       0       0       0       0       0       0       0       0       0       0       0       0       0       0       0       0       0       0       0       0       0       0       0       0
Total ram usage:        0 bytes
 Hardware stack levels required when called:   11
 This function calls:
		_SYSTEM_Initialize
 This function is called by:
		Startup code after reset
 This function uses a non-reentrant model


 *************** function _SYSTEM_Initialize *****************
 Defined at:
		line 50 in file "mcc_generated_files/mcc.c"
 Parameters:    Size  Location     Type
		None
 Auto vars:     Size  Location     Type
		None
 Return value:  Size  Location     Type
                  1    wreg      void 
 Registers used:
		wreg, fsr2l, fsr2h, status,2, status,0, prodl, prodh, cstack
 Tracked objects:
		On entry : 
		On exit  : 
		Unchanged: 
 Data sizes:     COMRAM   BANK5   BANK6   BANK7   BANK8   BANK9  BANK10  BANK11  BANK12  BANK13  BANK14  BANK15  BANK16  BANK17  BANK18  BANK19  BANK20  BANK21  BANK22  BANK23  BANK24  BANK25  BANK26  BANK27  BANK28  BANK29  BANK30  BANK31  BANK32  BANK33  BANK34  BANK35  BANK36  BANK37  BANK38  BANK39  BANK40  BANK41  BANK42  BANK43  BANK44  BANK45  BANK46  BANK47  BANK48  BANK49  BANK50  BANK51  BANK52  BANK53  BANK54  BANK55
      Params:         0       0       0       0       0       0       0       0       0       0       0       0       0       0       0       0       0       0       0       0       0       0       0       0       0       0       0       0       0       0       0       0       0       0       0       0       0       0       0       0       0       0       0       0       0       0       0       0       0       0       0       0
      Locals:         0       0       0       0       0       0       0       0       0       0       0       0       0       0       0       0       0       0       0       0       0       0       0       0       0       0       0       0       0       0       0       0       0       0       0       0       0       0       0       0       0       0       0       0       0       0       0       0       0       0       0       0
      Temps:          0       0       0       0       0       0       0       0       0       0       0       0       0       0       0       0       0       0       0       0       0       0       0       0       0       0       0       0       0       0       0       0       0       0       0       0       0       0       0       0       0       0       0       0       0       0       0       0       0       0       0       0
      Totals:         0       0       0       0       0       0       0       0       0       0       0       0       0       0       0       0       0       0       0       0       0       0       0       0       0       0       0       0       0       0       0       0       0       0       0       0       0       0       0       0       0       0       0       0       0       0       0       0       0       0       0       0
Total ram usage:        0 bytes
 Hardware stack levels used:    1
 Hardware stack levels required when called:   10
 This function calls:
		_CAN1_Initialize
		_INTERRUPT_Initialize
		_OSCILLATOR_Initialize
		_PIN_MANAGER_Initialize
		_PMD_Initialize
		_TU16A_Initialize
 This function is called by:
		_main
 This function uses a non-reentrant model


 *************** function _TU16A_Initialize *****************
 Defined at:
		line 57 in file "mcc_generated_files/tu16a.c"
 Parameters:    Size  Location     Type
		None
 Auto vars:     Size  Location     Type
		None
 Return value:  Size  Location     Type
                  1    wreg      void 
 Registers used:
		wreg, status,2, status,0, cstack
 Tracked objects:
		On entry : 
		On exit  : 
		Unchanged: 
 Data sizes:     COMRAM   BANK5   BANK6   BANK7   BANK8   BANK9  BANK10  BANK11  BANK12  BANK13  BANK14  BANK15  BANK16  BANK17  BANK18  BANK19  BANK20  BANK21  BANK22  BANK23  BANK24  BANK25  BANK26  BANK27  BANK28  BANK29  BANK30  BANK31  BANK32  BANK33  BANK34  BANK35  BANK36  BANK37  BANK38  BANK39  BANK40  BANK41  BANK42  BANK43  BANK44  BANK45  BANK46  BANK47  BANK48  BANK49  BANK50  BANK51  BANK52  BANK53  BANK54  BANK55
      Params:         0       0       0       0       0       0       0       0       0       0       0       0       0       0       0       0       0       0       0       0       0       0       0       0       0       0       0       0       0       0       0       0       0       0       0       0       0       0       0       0       0       0       0       0       0       0       0       0       0       0       0       0
      Locals:         0       0       0       0       0       0       0       0       0       0       0       0       0       0       0       0       0       0       0       0       0       0       0       0       0       0       0       0       0       0       0       0       0       0       0       0       0       0       0       0       0       0       0       0       0       0       0       0       0       0       0       0
      Temps:          0       0       0       0       0       0       0       0       0       0       0       0       0       0       0       0       0       0       0       0       0       0       0       0       0       0       0       0       0       0       0       0       0       0       0       0       0       0       0       0       0       0       0       0       0       0       0       0       0       0       0       0
      Totals:         0       0       0       0       0       0       0       0       0       0       0       0       0       0       0       0       0       0       0       0       0       0       0       0       0       0       0       0       0       0       0       0       0       0       0       0       0       0       0       0       0       0       0       0       0       0       0       0       0       0       0       0
Total ram usage:        0 bytes
 Hardware stack levels used:    1
 Hardware stack levels required when called:    8
 This function calls:
		_TU16A_SetInterruptHandler
 This function is called by:
		_SYSTEM_Initialize
 This function uses a non-reentrant model


 *************** function _TU16A_SetInterruptHandler *****************
 Defined at:
		line 240 in file "mcc_generated_files/tu16a.c"
 Parameters:    Size  Location     Type
  InterruptHan    3    0[BANK5 ] PTR FTN()void 
		 -> TU16A_DefaultInterruptHandler(1), 
 Auto vars:     Size  Location     Type
		None
 Return value:  Size  Location     Type
                  1    wreg      void 
 Registers used:
		wreg, status,2, status,0
 Tracked objects:
		On entry : 
		On exit  : 
		Unchanged: 
 Data sizes:     COMRAM   BANK5   BANK6   BANK7   BANK8   BANK9  BANK10  BANK11  BANK12  BANK13  BANK14  BANK15  BANK16  BANK17  BANK18  BANK19  BANK20  BANK21  BANK22  BANK23  BANK24  BANK25  BANK26  BANK27  BANK28  BANK29  BANK30  BANK31  BANK32  BANK33  BANK34  BANK35  BANK36  BANK37  BANK38  BANK39  BANK40  BANK41  BANK42  BANK43  BANK44  BANK45  BANK46  BANK47  BANK48  BANK49  BANK50  BANK51  BANK52  BANK53  BANK54  BANK55
      Params:         0       3       0       0       0       0       0       0       0       0       0       0       0       0       0       0       0       0       0       0       0       0       0       0       0       0       0       0       0       0       0       0       0       0       0       0       0       0       0       0       0       0       0       0       0       0       0       0       0       0       0       0
      Locals:         0       0       0       0       0       0       0       0       0       0       0       0       0       0       0       0       0       0       0       0       0       0       0       0       0       0       0       0       0       0       0       0       0       0       0       0       0       0       0       0       0       0       0       0       0       0       0       0       0       0       0       0
      Temps:          0       0       0       0       0       0       0       0       0       0       0       0       0       0       0       0       0       0       0       0       0       0       0       0       0       0       0       0       0       0       0       0       0       0       0       0       0       0       0       0       0       0       0       0       0       0       0       0       0       0       0       0
      Totals:         0       3       0       0       0       0       0       0       0       0       0       0       0       0       0       0       0       0       0       0       0       0       0       0       0       0       0       0       0       0       0       0       0       0       0       0       0       0       0       0       0       0       0       0       0       0       0       0       0       0       0       0
Total ram usage:        3 bytes
 Hardware stack levels used:    1
 Hardware stack levels required when called:    7
 This function calls:
		Nothing
 This function is called by:
		_TU16A_Initialize
 This function uses a non-reentrant model


 *************** function _PMD_Initialize *****************
 Defined at:
		line 78 in file "mcc_generated_files/mcc.c"
 Parameters:    Size  Location     Type
		None
 Auto vars:     Size  Location     Type
		None
 Return value:  Size  Location     Type
                  1    wreg      void 
 Registers used:
		wreg, status,2
 Tracked objects:
		On entry : 
		On exit  : 
		Unchanged: 
 Data sizes:     COMRAM   BANK5   BANK6   BANK7   BANK8   BANK9  BANK10  BANK11  BANK12  BANK13  BANK14  BANK15  BANK16  BANK17  BANK18  BANK19  BANK20  BANK21  BANK22  BANK23  BANK24  BANK25  BANK26  BANK27  BANK28  BANK29  BANK30  BANK31  BANK32  BANK33  BANK34  BANK35  BANK36  BANK37  BANK38  BANK39  BANK40  BANK41  BANK42  BANK43  BANK44  BANK45  BANK46  BANK47  BANK48  BANK49  BANK50  BANK51  BANK52  BANK53  BANK54  BANK55
      Params:         0       0       0       0       0       0       0       0       0       0       0       0       0       0       0       0       0       0       0       0       0       0       0       0       0       0       0       0       0       0       0       0       0       0       0       0       0       0       0       0       0       0       0       0       0       0       0       0       0       0       0       0
      Locals:         0       0       0       0       0       0       0       0       0       0       0       0       0       0       0       0       0       0       0       0       0       0       0       0       0       0       0       0       0       0       0       0       0       0       0       0       0       0       0       0       0       0       0       0       0       0       0       0       0       0       0       0
      Temps:          0       0       0       0       0       0       0       0       0       0       0       0       0       0       0       0       0       0       0       0       0       0       0       0       0       0       0       0       0       0       0       0       0       0       0       0       0       0       0       0       0       0       0       0       0       0       0       0       0       0       0       0
      Totals:         0       0       0       0       0       0       0       0       0       0       0       0       0       0       0       0       0       0       0       0       0       0       0       0       0       0       0       0       0       0       0       0       0       0       0       0       0       0       0       0       0       0       0       0       0       0       0       0       0       0       0       0
Total ram usage:        0 bytes
 Hardware stack levels used:    1
 Hardware stack levels required when called:    7
 This function calls:
		Nothing
 This function is called by:
		_SYSTEM_Initialize
 This function uses a non-reentrant model


 *************** function _PIN_MANAGER_Initialize *****************
 Defined at:
		line 55 in file "mcc_generated_files/pin_manager.c"
 Parameters:    Size  Location     Type
		None
 Auto vars:     Size  Location     Type
		None
 Return value:  Size  Location     Type
                  1    wreg      void 
 Registers used:
		wreg, status,2
 Tracked objects:
		On entry : 
		On exit  : 
		Unchanged: 
 Data sizes:     COMRAM   BANK5   BANK6   BANK7   BANK8   BANK9  BANK10  BANK11  BANK12  BANK13  BANK14  BANK15  BANK16  BANK17  BANK18  BANK19  BANK20  BANK21  BANK22  BANK23  BANK24  BANK25  BANK26  BANK27  BANK28  BANK29  BANK30  BANK31  BANK32  BANK33  BANK34  BANK35  BANK36  BANK37  BANK38  BANK39  BANK40  BANK41  BANK42  BANK43  BANK44  BANK45  BANK46  BANK47  BANK48  BANK49  BANK50  BANK51  BANK52  BANK53  BANK54  BANK55
      Params:         0       0       0       0       0       0       0       0       0       0       0       0       0       0       0       0       0       0       0       0       0       0       0       0       0       0       0       0       0       0       0       0       0       0       0       0       0       0       0       0       0       0       0       0       0       0       0       0       0       0       0       0
[...]
      Temps:          1       0       0       0       0       0       0       0       0       0       0       0       0       0       0       0       0       0       0       0       0       0       0       0       0       0       0       0       0       0       0       0       0       0       0       0       0       0       0       0       0       0       0       0       0       0       0       0       0       0       0       0
      Totals:         6       0       0       0       0       0       0       0       0       0       0       0       0       0       0       0       0       0       0       0       0       0       0       0       0       0       0       0       0       0       0       0       0       0       0       0       0       0       0       0       0       0       0       0       0       0       0       0       0       0       0       0
Total ram usage:        6 bytes
 Hardware stack levels used:    1
 Hardware stack levels required when called:    3
 This function calls:
		_Receive
 This function is called by:
		_DefaultFIFO1NotEmptyHandler
 This function uses a non-reentrant model


 *************** function _Receive *****************
 Defined at:
		line 429 in file "mcc_generated_files/can1.c"
 Parameters:    Size  Location     Type
  index           1    wreg     unsigned char 
  channel         1   23[COMRAM] enum E23103
  rxCanMsg        2   24[COMRAM] PTR struct .
		 -> DefaultFIFO1NotEmptyHandler@Currently_Processing(7), 
 Auto vars:     Size  Location     Type
  index           1   32[COMRAM] unsigned char 
  rxFifoObj       2   29[COMRAM] PTR unsigned char 
		 -> RAM(14335), 
  rxMsgStatus     1   31[COMRAM] enum E23148
  status          1   28[COMRAM] _Bool 
 Return value:  Size  Location     Type
                  1    wreg      _Bool 
 Registers used:
		wreg, fsr2l, fsr2h, status,2, status,0, tblptrl, tblptrh, tblptru, prodl, prodh, cstack
 Tracked objects:
		On entry : 
		On exit  : 
		Unchanged: 
 Data sizes:     COMRAM   BANK5   BANK6   BANK7   BANK8   BANK9  BANK10  BANK11  BANK12  BANK13  BANK14  BANK15  BANK16  BANK17  BANK18  BANK19  BANK20  BANK21  BANK22  BANK23  BANK24  BANK25  BANK26  BANK27  BANK28  BANK29  BANK30  BANK31  BANK32  BANK33  BANK34  BANK35  BANK36  BANK37  BANK38  BANK39  BANK40  BANK41  BANK42  BANK43  BANK44  BANK45  BANK46  BANK47  BANK48  BANK49  BANK50  BANK51  BANK52  BANK53  BANK54  BANK55
      Params:         3       0       0       0       0       0       0       0       0       0       0       0       0       0       0       0       0       0       0       0       0       0       0       0       0       0       0       0       0       0       0       0       0       0       0       0       0       0       0       0       0       0       0       0       0       0       0       0       0       0       0       0
      Locals:         5       0       0       0       0       0       0       0       0       0       0       0       0       0       0       0       0       0       0       0       0       0       0       0       0       0       0       0       0       0       0       0       0       0       0       0       0       0       0       0       0       0       0       0       0       0       0       0       0       0       0       0
      Temps:          2       0       0       0       0       0       0       0       0       0       0       0       0       0       0       0       0       0       0       0       0       0       0       0       0       0       0       0       0       0       0       0       0       0       0       0       0       0       0       0       0       0       0       0       0       0       0       0       0       0       0       0
      Totals:        10       0       0       0       0       0       0       0       0       0       0       0       0       0       0       0       0       0       0       0       0       0       0       0       0       0       0       0       0       0       0       0       0       0       0       0       0       0       0       0       0       0       0       0       0       0       0       0       0       0       0       0
Total ram usage:       10 bytes
 Hardware stack levels used:    1
 Hardware stack levels required when called:    2
 This function calls:
		_GetRxFifoDepth
		_GetRxFifoStatus
		_ReadMessageFromFifo
 This function is called by:
		_CAN1_ReceiveFrom
		_CAN1_Receive
 This function uses a non-reentrant model


 *************** function _ReadMessageFromFifo *****************
 Defined at:
		line 395 in file "mcc_generated_files/can1.c"
 Parameters:    Size  Location     Type
  rxFifoObj       2   11[COMRAM] PTR unsigned char 
		 -> RAM(14335), 
  rxCanMsg        2   13[COMRAM] PTR struct .
		 -> DefaultFIFO1NotEmptyHandler@Currently_Processing(7), 
 Auto vars:     Size  Location     Type
  msgId           4   18[COMRAM] unsigned long 
  status          1   22[COMRAM] unsigned char 
  payloadOffse    1    0        const unsigned char 
 Return value:  Size  Location     Type
                  1    wreg      void 
 Registers used:
		wreg, fsr2l, fsr2h, status,2, status,0, tblptrl, tblptrh, tblptru, cstack
 Tracked objects:
		On entry : 
		On exit  : 
		Unchanged: 
 Data sizes:     COMRAM   BANK5   BANK6   BANK7   BANK8   BANK9  BANK10  BANK11  BANK12  BANK13  BANK14  BANK15  BANK16  BANK17  BANK18  BANK19  BANK20  BANK21  BANK22  BANK23  BANK24  BANK25  BANK26  BANK27  BANK28  BANK29  BANK30  BANK31  BANK32  BANK33  BANK34  BANK35  BANK36  BANK37  BANK38  BANK39  BANK40  BANK41  BANK42  BANK43  BANK44  BANK45  BANK46  BANK47  BANK48  BANK49  BANK50  BANK51  BANK52  BANK53  BANK54  BANK55
      Params:         4       0       0       0       0       0       0       0       0       0       0       0       0       0       0       0       0       0       0       0       0       0       0       0       0       0       0       0       0       0       0       0       0       0       0       0       0       0       0       0       0       0       0       0       0       0       0       0       0       0       0       0
      Locals:         6       0       0       0       0       0       0       0       0       0       0       0       0       0       0       0       0       0       0       0       0       0       0       0       0       0       0       0       0       0       0       0       0       0       0       0       0       0       0       0       0       0       0       0       0       0       0       0       0       0       0       0
      Temps:          2       0       0       0       0       0       0       0       0       0       0       0       0       0       0       0       0       0       0       0       0       0       0       0       0       0       0       0       0       0       0       0       0       0       0       0       0       0       0       0       0       0       0       0       0       0       0       0       0       0       0       0
      Totals:        12       0       0       0       0       0       0       0       0       0       0       0       0       0       0       0       0       0       0       0       0       0       0       0       0       0       0       0       0       0       0       0       0       0       0       0       0       0       0       0       0       0       0       0       0       0       0       0       0       0       0       0
Total ram usage:       12 bytes
 Hardware stack levels used:    1
 Hardware stack levels required when called:    1
 This function calls:
		_memcpy
 This function is called by:
		_Receive
 This function uses a non-reentrant model


 *************** function _memcpy *****************
 Defined at:
		line 4 in file "C:\Program Files\Microchip\xc8\v2.20\pic\sources\c99\common\memcpy.c"
 Parameters:    Size  Location     Type
  d1              2    0[COMRAM] PTR void 
		 -> RAM(14335), rxMsgData(8), 
  s1              2    2[COMRAM] PTR const void 
		 -> TU16A_DefaultInterruptHandler@Transmit_Data(8), RAM(14335), rxMsgData(8), DefaultFIFO1NotEmptyHandler@data_Out(8), 
  n               2    4[COMRAM] unsigned int 
 Auto vars:     Size  Location     Type
  s               2    8[COMRAM] PTR const unsigned char 
		 -> TU16A_DefaultInterruptHandler@Transmit_Data(8), RAM(14335), rxMsgData(8), DefaultFIFO1NotEmptyHandler@data_Out(8), 
  d               2    6[COMRAM] PTR unsigned char 
		 -> RAM(14335), rxMsgData(8), 
  tmp             1   10[COMRAM] unsigned char 
 Return value:  Size  Location     Type
                  2    0[COMRAM] PTR void 
 Registers used:
		wreg, fsr2l, fsr2h, status,2, status,0
 Tracked objects:
		On entry : 
		On exit  : 
		Unchanged: 
 Data sizes:     COMRAM   BANK5   BANK6   BANK7   BANK8   BANK9  BANK10  BANK11  BANK12  BANK13  BANK14  BANK15  BANK16  BANK17  BANK18  BANK19  BANK20  BANK21  BANK22  BANK23  BANK24  BANK25  BANK26  BANK27  BANK28  BANK29  BANK30  BANK31  BANK32  BANK33  BANK34  BANK35  BANK36  BANK37  BANK38  BANK39  BANK40  BANK41  BANK42  BANK43  BANK44  BANK45  BANK46  BANK47  BANK48  BANK49  BANK50  BANK51  BANK52  BANK53  BANK54  BANK55
      Params:         6       0       0       0       0       0       0       0       0       0       0       0       0       0       0       0       0       0       0       0       0       0       0       0       0       0       0       0       0       0       0       0       0       0       0       0       0       0       0       0       0       0       0       0       0       0       0       0       0       0       0       0
      Locals:         5       0       0       0       0       0       0       0       0       0       0       0       0       0       0       0       0       0       0       0       0       0       0       0       0       0       0       0       0       0       0       0       0       0       0       0       0       0       0       0       0       0       0       0       0       0       0       0       0       0       0       0
      Temps:          0       0       0       0       0       0       0       0       0       0       0       0       0       0       0       0       0       0       0       0       0       0       0       0       0       0       0       0       0       0       0       0       0       0       0       0       0       0       0       0       0       0       0       0       0       0       0       0       0       0       0       0
      Totals:        11       0       0       0       0       0       0       0       0       0       0       0       0       0       0       0       0       0       0       0       0       0       0       0       0       0       0       0       0       0       0       0       0       0       0       0       0       0       0       0       0       0       0       0       0       0       0       0       0       0       0       0
Total ram usage:       11 bytes
 Hardware stack levels used:    1
 This function calls:
		Nothing
 This function is called by:
		_ReadMessageFromFifo
		_WriteMessageToFifo
 This function uses a non-reentrant model


 *************** function _GetRxFifoStatus *****************
 Defined at:
		line 390 in file "mcc_generated_files/can1.c"
 Parameters:    Size  Location     Type
  validChannel    1    wreg     unsigned char 
 Auto vars:     Size  Location     Type
  validChannel    1    0[COMRAM] unsigned char 
 Return value:  Size  Location     Type
                  1    wreg      enum E23148
 Registers used:
		wreg, fsr2l, fsr2h, status,2, status,0, prodl, prodh
 Tracked objects:
		On entry : 
		On exit  : 
		Unchanged: 
 Data sizes:     COMRAM   BANK5   BANK6   BANK7   BANK8   BANK9  BANK10  BANK11  BANK12  BANK13  BANK14  BANK15  BANK16  BANK17  BANK18  BANK19  BANK20  BANK21  BANK22  BANK23  BANK24  BANK25  BANK26  BANK27  BANK28  BANK29  BANK30  BANK31  BANK32  BANK33  BANK34  BANK35  BANK36  BANK37  BANK38  BANK39  BANK40  BANK41  BANK42  BANK43  BANK44  BANK45  BANK46  BANK47  BANK48  BANK49  BANK50  BANK51  BANK52  BANK53  BANK54  BANK55
      Params:         0       0       0       0       0       0       0       0       0       0       0       0       0       0       0       0       0       0       0       0       0       0       0       0       0       0       0       0       0       0       0       0       0       0       0       0       0       0       0       0       0       0       0       0       0       0       0       0       0       0       0       0
      Locals:         1       0       0       0       0       0       0       0       0       0       0       0       0       0       0       0       0       0       0       0       0       0       0       0       0       0       0       0       0       0       0       0       0       0       0       0       0       0       0       0       0       0       0       0       0       0       0       0       0       0       0       0
      Temps:          0       0       0       0       0       0       0       0       0       0       0       0       0       0       0       0       0       0       0       0       0       0       0       0       0       0       0       0       0       0       0       0       0       0       0       0       0       0       0       0       0       0       0       0       0       0       0       0       0       0       0       0
      Totals:         1       0       0       0       0       0       0       0       0       0       0       0       0       0       0       0       0       0       0       0       0       0       0       0       0       0       0       0       0       0       0       0       0       0       0       0       0       0       0       0       0       0       0       0       0       0       0       0       0       0       0       0
Total ram usage:        1 bytes
 Hardware stack levels used:    1
 This function calls:
		Nothing
 This function is called by:
		_Receive
		_CAN1_ReceivedMessageCountGet
 This function uses a non-reentrant model


 *************** function _GetRxFifoDepth *****************
 Defined at:
		line 385 in file "mcc_generated_files/can1.c"
 Parameters:    Size  Location     Type
  validChannel    1    wreg     unsigned char 
 Auto vars:     Size  Location     Type
  validChannel    1    1[COMRAM] unsigned char 
 Return value:  Size  Location     Type
                  1    wreg      unsigned char 
 Registers used:
		wreg, fsr2l, fsr2h, status,2, status,0, prodl, prodh
 Tracked objects:
		On entry : 
		On exit  : 
		Unchanged: 
 Data sizes:     COMRAM   BANK5   BANK6   BANK7   BANK8   BANK9  BANK10  BANK11  BANK12  BANK13  BANK14  BANK15  BANK16  BANK17  BANK18  BANK19  BANK20  BANK21  BANK22  BANK23  BANK24  BANK25  BANK26  BANK27  BANK28  BANK29  BANK30  BANK31  BANK32  BANK33  BANK34  BANK35  BANK36  BANK37  BANK38  BANK39  BANK40  BANK41  BANK42  BANK43  BANK44  BANK45  BANK46  BANK47  BANK48  BANK49  BANK50  BANK51  BANK52  BANK53  BANK54  BANK55
      Params:         0       0       0       0       0       0       0       0       0       0       0       0       0       0       0       0       0       0       0       0       0       0       0       0       0       0       0       0       0       0       0       0       0       0       0       0       0       0       0       0       0       0       0       0       0       0       0       0       0       0       0       0
      Locals:         1       0       0       0       0       0       0       0       0       0       0       0       0       0       0       0       0       0       0       0       0       0       0       0       0       0       0       0       0       0       0       0       0       0       0       0       0       0       0       0       0       0       0       0       0       0       0       0       0       0       0       0
      Temps:          1       0       0       0       0       0       0       0       0       0       0       0       0       0       0       0       0       0       0       0       0       0       0       0       0       0       0       0       0       0       0       0       0       0       0       0       0       0       0       0       0       0       0       0       0       0       0       0       0       0       0       0
      Totals:         2       0       0       0       0       0       0       0       0       0       0       0       0       0       0       0       0       0       0       0       0       0       0       0       0       0       0       0       0       0       0       0       0       0       0       0       0       0       0       0       0       0       0       0       0       0       0       0       0       0       0       0
Total ram usage:        2 bytes
 Hardware stack levels used:    1
 This function calls:
		Nothing
 This function is called by:
		_Receive
		_CAN1_ReceivedMessageCountGet
 This function uses a non-reentrant model



MODULE INFORMATION

Module		Function		Class		Link	Load	Size
mcc_generated_files/can1.c
		_ReadMessageFromFifo		CODE           	3A5A	0000	577
		_ValidateTransmission		CODE           	3EC6	0000	295
		_DefaultFIFO1NotEmptyHandler		CODE           	3C9A	0000	557
		_CAN1_BitRateConfiguration		CODE           	46C4	0000	45
		_Receive       		CODE           	3FEC	0000	237
		_CAN1_TX_FIFO_Configuration		CODE           	4820	0000	21
		_GetRxFifoDepth		CODE           	47B8	0000	31
		_CAN1_OperationModeGet		CODE           	485E	0000	11
		_CAN1_Initialize		CODE           	4546	0000	85
		_CAN1_SetFIFO1NotEmptyHandler		CODE           	4850	0000	15
		_CAN1_TransmitFIFOStatusGet		CODE           	4744	0000	41
		_CAN1_Transmit 		CODE           	423A	0000	149
		_CAN1_RX_FIFO_FilterMaskConfiguration		CODE           	4792	0000	39
		_CAN1_RX_FIFO_Configuration		CODE           	4696	0000	47
		_GetRxFifoStatus		CODE           	4808	0000	25
		_CAN1_ReceivedMessageCountGet		CODE           	40D8	0000	203
		_isTxChannel   		CODE           	462A	0000	63
		_GetTxFifoStatus		CODE           	47F0	0000	25
		_WriteMessageToFifo		CODE           	3814	0000	583
		_CAN1_RX_FIFO_ResetInfo		CODE           	4668	0000	47
		_CAN1_OperationModeSet		CODE           	41A2	0000	153
		_CAN1_RXI_ISR  		CODE           	46F0	0000	45
		_CAN1_ReceiveFrom		CODE           	4492	0000	91

mcc_generated_files/can1.c estimated size: 3385

mcc_generated_files/tu16a.c
		_TU16A_SetInterruptHandler		CODE           	4842	0000	15
		_TU16A_ISR     		CODE           	45E8	0000	67
		_TU16A_DefaultInterruptHandler		CODE           	43D6	0000	97
		_TU16A_Initialize		CODE           	459A	0000	79

mcc_generated_files/tu16a.c estimated size: 258

mcc_generated_files/interrupt_manager.c
		_INTERRUPT_Initialize		CODE           	487A	0000	5
		_INTERRUPT_InterruptManager		CODE           	4360	0000	119

mcc_generated_files/interrupt_manager.c estimated size: 124

mcc_generated_files/pin_manager.c
		_PIN_MANAGER_Initialize		CODE           	42CE	0000	147

mcc_generated_files/pin_manager.c estimated size: 147

C:\Program Files\Microchip\xc8\v2.20\pic\sources\c99\common\memcpy.c
		_memcpy        		CODE           	44EC	0000	91

C:\Program Files\Microchip\xc8\v2.20\pic\sources\c99\common\memcpy.c estimated size: 91

shared
		_FIFO          		SMALLCONST     	0000	0000	0
		_DLC_BYTES     		SMALLCONST     	3801	0000	17
		__initialization		CODE           	4436	0000	87
		i2_CAN1_OperationModeGet		CODE           	4868	0000	11

shared estimated size: 115

mcc_generated_files/mcc.c
		_PMD_Initialize		CODE           	471C	0000	41
		_OSCILLATOR_Initialize		CODE           	476C	0000	39
		_SYSTEM_Initialize		CODE           	47D6	0000	27

mcc_generated_files/mcc.c estimated size: 107

main.c
		_main          		CODE           	4834	0000	15

main.c estimated size: 15

